                Frank   Jane
Commission       6.20   9.49
