            Johnver Vanston Danbree Vansey  Mundyke
Commission       92       5     113     45       32
